
 [1;36m✨ ANX Web Server[0m [90mv0.4.0-dev[0m
 [32mHigh-Performance AArch64 Assembly Server[0m

 [1;34m[SYSTEM][0m Architecture: [1mPrefork + Epoll[0m
 [1;32m[LISTEN][0m Port: [1;33m18080[0m
 [1;32m[CONFIG][0m Root: [1;35m/home/hu/code/aarch64_http_server/tests/test_www[0m
 [1;32m[WORKER][0m Spawning [1m64[0m worker processes...
[1;33m[INFO][0m Server started (PID: 44117)
[1;33m[INFO][0m Testing basic connectivity...
[1;33m[INFO][0m Cleaning up...
